server/outbox-worker.ts(169,29): error TS2345: Argument of type '{ correlationId: string; to: string; subject: string; body: string; identity: "personal" | "system"; contactId: string; }' is not assignable to parameter of type 'Omit<{ identity: "personal" | "system"; type: "email"; timestamp: string; subject: string; body: string; correlationId: string; to: string; contactId?: string | undefined; proposalId?: string | undefined; }, "timestamp">'.
  Property 'type' is missing in type '{ correlationId: string; to: string; subject: string; body: string; identity: "personal" | "system"; contactId: string; }' but required in type 'Omit<{ identity: "personal" | "system"; type: "email"; timestamp: string; subject: string; body: string; correlationId: string; to: string; contactId?: string | undefined; proposalId?: string | undefined; }, "timestamp">'.
server/outbox-worker.ts(182,31): error TS2345: Argument of type '{ correlationId: string; contactId: string; amount: number; currency: string; description: string; }' is not assignable to parameter of type 'Omit<{ type: "payment"; contactId: string; description: string; timestamp: string; amount: number; currency: string; correlationId: string; proposalId?: string | undefined; }, "timestamp">'.
  Property 'type' is missing in type '{ correlationId: string; contactId: string; amount: number; currency: string; description: string; }' but required in type 'Omit<{ type: "payment"; contactId: string; description: string; timestamp: string; amount: number; currency: string; correlationId: string; proposalId?: string | undefined; }, "timestamp">'.
server/routes.ts(6748,11): error TS2353: Object literal may only specify known properties, and 'templateId' does not exist in type 'Omit<{ type: "email"; identity: "personal" | "system"; timestamp: string; subject: string; body: string; correlationId: string; to: string; contactId?: string | undefined; proposalId?: string | undefined; }, "timestamp">'.
server/routes.ts(7057,11): error TS2353: Object literal may only specify known properties, and 'clientId' does not exist in type '{ correlationId: string; contactId?: string | undefined; conversationId?: string | undefined; message: string | null; templateId?: string | null | undefined; channel?: string | undefined; approvedBy: string; approvedAt: string; }'.
server/routes.ts(7213,11): error TS2353: Object literal may only specify known properties, and 'clientId' does not exist in type '{ correlationId: string; contactId?: string | undefined; conversationId?: string | undefined; message: string | null; templateId?: string | null | undefined; channel?: string | undefined; approvedBy: string; approvedAt: string; }'.
server/routes/communications.routes.ts(26,56): error TS2345: Argument of type '{ status: string; displayName: string; email: string; provider: string; }' is not assignable to parameter of type '{ displayName: string; emailAddress: string; incomingHost?: string | null | undefined; incomingPort?: number | null | undefined; incomingSsl?: boolean | undefined; outgoingHost?: string | null | undefined; ... 8 more ...; errorMessage?: string | ... 1 more ... | undefined; }'.
  Property 'emailAddress' is missing in type '{ status: string; displayName: string; email: string; provider: string; }' but required in type '{ displayName: string; emailAddress: string; incomingHost?: string | null | undefined; incomingPort?: number | null | undefined; incomingSsl?: boolean | undefined; outgoingHost?: string | null | undefined; ... 8 more ...; errorMessage?: string | ... 1 more ... | undefined; }'.
server/routes/communications.routes.ts(95,52): error TS2345: Argument of type '{ correlationId: `${string}-${string}-${string}-${string}-${string}`; to: any; subject: any; body: any; identity: "personal" | "system"; contactId: any; }' is not assignable to parameter of type 'Omit<{ identity: "personal" | "system"; type: "email"; subject: string; to: string; body: string; timestamp: string; correlationId: string; contactId?: string | undefined; proposalId?: string | undefined; }, "timestamp">'.
  Property 'type' is missing in type '{ correlationId: `${string}-${string}-${string}-${string}-${string}`; to: any; subject: any; body: any; identity: "personal" | "system"; contactId: any; }' but required in type 'Omit<{ identity: "personal" | "system"; type: "email"; subject: string; to: string; body: string; timestamp: string; correlationId: string; contactId?: string | undefined; proposalId?: string | undefined; }, "timestamp">'.
